Processing espc5-12-matter (platform: https://github.com/pioarduino/platform-espressif32/releases/download/stable/platform-espressif32.zip; framework: arduino; board: esp32-c5-devkitc-1)
--------------------------------------------------------------------------------
Library Manager: Installing opensprinklershop/arduinoWebSockets
Verbose mode can be enabled via `-v, --verbose` option
CONFIGURATION: https://docs.platformio.org/page/boards/espressif32/esp32-c5-devkitc-1.html
PLATFORM: Espressif 32 (55.3.34) > Espressif ESP32-C5-DevKitC-1 4MB no PSRAM
HARDWARE: ESP32C5 240MHz, 320KB RAM, 4MB Flash
DEBUG: Current (esp-builtin) External (cmsis-dap, esp-bridge, esp-builtin, esp-prog, iot-bus-jtag, jlink, minimodule, olimex-arm-usb-ocd, olimex-arm-usb-ocd-h, olimex-arm-usb-tiny-h, olimex-jtag-tiny, tumpa)
PACKAGES: 
 - contrib-piohome @ 3.4.4 
 - framework-arduinoespressif32 @ 3.3.4 
 - framework-arduinoespressif32-libs @ 5.5.0+sha.8410210c9a 
 - framework-esp-idf @ 1.1.0+sha.482a8fb 
 - tool-esp-rom-elfs @ 2024.10.11 
 - tool-esptoolpy @ 5.1.0 
 - tool-mklittlefs @ 3.2.0 
 - tool-openocd-esp32 @ 2.1200.20250707 (12.0) 
 - tool-riscv32-esp-elf-gdb @ 16.3.0+20250913 
 - toolchain-riscv32-esp @ 14.2.0+20250730
Converting mainArduino.ino
[ComponentManager] BT/BLE protection enabled
[ComponentManager] Processed 1 ignored libraries
[ComponentManager] Session completed with 2 changes
*** Applied include path shortening for 307 framework paths ***
*** Path length reduced from 36383 to ~12837 characters ***
*** Estimated savings: 23025 characters ***
LDF: Library Dependency Finder -> https://bit.ly/configure-pio-ldf
LDF Modes: Finder ~ chain, Compatibility ~ soft
Found 47 compatible libraries
Scanning dependencies...
Dependency Graph
|-- Ethernet @ 3.3.4
|-- ESP8266 and ESP32 OLED driver for SSD1306 displays @ 4.6.1+sha.70921e5
|-- PubSubClient @ 2.8.0
|-- WebSockets @ 2.7.2
|-- OpenThings-Framework-Firmware-Library @ 0.2.1+sha.5928e56
|-- ADS1X15 @ 0.5.4
|-- ESP8266 Influxdb @ 3.13.2+sha.c004871
|-- Wire @ 3.3.4
|-- ArduinoOTA @ 3.3.4
|-- SPI @ 3.3.4
|-- WiFi @ 3.3.4
|-- NetworkClientSecure @ 3.3.4
|-- Matter @ 3.3.4
|-- FS @ 3.3.4
|-- LittleFS @ 3.3.4
|-- Update @ 3.3.4
|-- BLE @ 3.3.4
|-- FFat @ 3.3.4
|-- SD @ 3.3.4
|-- SPIFFS @ 3.3.4
|-- DNSServer @ 3.3.4
|-- Ticker @ 3.3.4
|-- WebServer @ 3.3.4
|-- HTTPClient @ 3.3.4
Building in release mode
Compiling .pio\build\espc5-12-matter\libb55\Network\NetworkClient.cpp.o
Compiling .pio\build\espc5-12-matter\libb55\Network\NetworkServer.cpp.o
Compiling .pio\build\espc5-12-matter\libf6f\Ethernet\ETH.cpp.o
Compiling .pio\build\espc5-12-matter\lib75b\WiFi\AP.cpp.o
C:\Users\schlo\.platformio\penv\Scripts\platformio.exe : In file included from 
C:/Users/schlo/.platformio/packages/framework-arduinoespressif32/libraries/Ethernet/src/ETH.h:21,
In Zeile:1 Zeichen:1
+ C:\Users\schlo\.platformio\penv\Scripts\platformio.exe run --environm ...
+ ~~~~~~~~~~~~~~~~~~~~~~~~~~~~~~~~~~~~~~~~~~~~~~~~~~~~~~~~~~~~~~~~~~~~~
    + CategoryInfo          : NotSpecified: (In file include...t/src/ETH.h:21,:String) [], RemoteException
    + FullyQualifiedErrorId : NativeCommandError
 
                 from C:/Users/schlo/.platformio/packages/framework-arduinoespressif32/libraries/Ethernet/src/ETH.cpp:24:
C:/Users/schlo/.platformio/packages/framework-arduinoespressif32-libs/esp32c5/dio_qspi/include/sdkconfig.h:1404:9: warning: "CONFIG_ZB_ENABLED" 
redefined
 1404 | #define CONFIG_ZB_ENABLED 1
      |         ^~~~~~~~~~~~~~~~~
<command-line>: note: this is the location of the previous definition
Compiling .pio\build\espc5-12-matter\lib75b\WiFi\STA.cpp.o
Compiling .pio\build\espc5-12-matter\lib75b\WiFi\WiFi.cpp.o
Compiling .pio\build\espc5-12-matter\lib75b\WiFi\WiFiAP.cpp.o
Compiling .pio\build\espc5-12-matter\lib75b\WiFi\WiFiGeneric.cpp.o
Compiling .pio\build\espc5-12-matter\lib75b\WiFi\WiFiMulti.cpp.o
In file included from C:/Users/schlo/.platformio/packages/framework-arduinoespressif32/libraries/WiFi/src/WiFi.h:25,
                 from C:/Users/schlo/.platformio/packages/framework-arduinoespressif32/libraries/WiFi/src/AP.cpp:7:
C:/Users/schlo/.platformio/packages/framework-arduinoespressif32-libs/esp32c5/dio_qspi/include/sdkconfig.h:1404:9: warning: "CONFIG_ZB_ENABLED" 
redefined
 1404 | #define CONFIG_ZB_ENABLED 1
      |         ^~~~~~~~~~~~~~~~~
<command-line>: note: this is the location of the previous definition
Compiling .pio\build\espc5-12-matter\lib75b\WiFi\WiFiSTA.cpp.o
In file included from C:/Users/schlo/.platformio/packages/framework-arduinoespressif32/libraries/WiFi/src/WiFi.h:25,
                 from C:/Users/schlo/.platformio/packages/framework-arduinoespressif32/libraries/WiFi/src/STA.cpp:6:
C:/Users/schlo/.platformio/packages/framework-arduinoespressif32-libs/esp32c5/dio_qspi/include/sdkconfig.h:1404:9: warning: "CONFIG_ZB_ENABLED" 
redefined
 1404 | #define CONFIG_ZB_ENABLED 1
      |         ^~~~~~~~~~~~~~~~~
<command-line>: note: this is the location of the previous definition
Compiling .pio\build\espc5-12-matter\lib75b\WiFi\WiFiScan.cpp.o
In file included from C:/Users/schlo/.platformio/packages/framework-arduinoespressif32/libraries/WiFi/src/WiFi.h:25,
                 from C:/Users/schlo/.platformio/packages/framework-arduinoespressif32/libraries/WiFi/src/WiFi.cpp:24:
C:/Users/schlo/.platformio/packages/framework-arduinoespressif32-libs/esp32c5/dio_qspi/include/sdkconfig.h:1404:9: warning: "CONFIG_ZB_ENABLED" 
redefined
 1404 | #define CONFIG_ZB_ENABLED 1
      |         ^~~~~~~~~~~~~~~~~
<command-line>: note: this is the location of the previous definition
Compiling .pio\build\espc5-12-matter\lib9fb\NetworkClientSecure\NetworkClientSecure.cpp.o
Compiling .pio\build\espc5-12-matter\lib9fb\NetworkClientSecure\ssl_client.cpp.o
In file included from C:/Users/schlo/.platformio/packages/framework-arduinoespressif32/libraries/WiFi/src/WiFi.h:25,
                 from C:/Users/schlo/.platformio/packages/framework-arduinoespressif32/libraries/WiFi/src/WiFiAP.cpp:25:
C:/Users/schlo/.platformio/packages/framework-arduinoespressif32-libs/esp32c5/dio_qspi/include/sdkconfig.h:1404:9: warning: "CONFIG_ZB_ENABLED" 
redefined
 1404 | #define CONFIG_ZB_ENABLED 1
      |         ^~~~~~~~~~~~~~~~~
<command-line>: note: this is the location of the previous definition
Compiling .pio\build\espc5-12-matter\lib9ca\WebSockets\SocketIOclient.cpp.o
In file included from C:/Users/schlo/.platformio/packages/framework-arduinoespressif32/libraries/WiFi/src/WiFi.h:25,
                 from C:/Users/schlo/.platformio/packages/framework-arduinoespressif32/libraries/WiFi/src/WiFiGeneric.cpp:25:
C:/Users/schlo/.platformio/packages/framework-arduinoespressif32-libs/esp32c5/dio_qspi/include/sdkconfig.h:1404:9: warning: "CONFIG_ZB_ENABLED" 
redefined
 1404 | #define CONFIG_ZB_ENABLED 1
      |         ^~~~~~~~~~~~~~~~~
<command-line>: note: this is the location of the previous definition
Compiling .pio\build\espc5-12-matter\lib9ca\WebSockets\WebSockets.cpp.o
In file included from C:/Users/schlo/.platformio/packages/framework-arduinoespressif32/libraries/WiFi/src/WiFiMulti.h:29,
                 from C:/Users/schlo/.platformio/packages/framework-arduinoespressif32/libraries/WiFi/src/WiFiMulti.cpp:26:
C:/Users/schlo/.platformio/packages/framework-arduinoespressif32-libs/esp32c5/dio_qspi/include/sdkconfig.h:1404:9: warning: "CONFIG_ZB_ENABLED" 
redefined
 1404 | #define CONFIG_ZB_ENABLED 1
      |         ^~~~~~~~~~~~~~~~~
<command-line>: note: this is the location of the previous definition
Compiling .pio\build\espc5-12-matter\lib9ca\WebSockets\WebSocketsClient.cpp.o
In file included from C:/Users/schlo/.platformio/packages/framework-arduinoespressif32/libraries/WiFi/src/WiFi.h:25,
                 from C:/Users/schlo/.platformio/packages/framework-arduinoespressif32/libraries/WiFi/src/WiFiSTA.cpp:25:
C:/Users/schlo/.platformio/packages/framework-arduinoespressif32-libs/esp32c5/dio_qspi/include/sdkconfig.h:1404:9: warning: "CONFIG_ZB_ENABLED" 
redefined
 1404 | #define CONFIG_ZB_ENABLED 1
      |         ^~~~~~~~~~~~~~~~~
<command-line>: note: this is the location of the previous definition
In file included from C:/Users/schlo/.platformio/packages/framework-arduinoespressif32/libraries/WiFi/src/WiFi.h:25,
                 from C:/Users/schlo/.platformio/packages/framework-arduinoespressif32/libraries/WiFi/src/WiFiScan.cpp:25:
C:/Users/schlo/.platformio/packages/framework-arduinoespressif32-libs/esp32c5/dio_qspi/include/sdkconfig.h:1404:9: warning: "CONFIG_ZB_ENABLED" 
redefined
 1404 | #define CONFIG_ZB_ENABLED 1
      |         ^~~~~~~~~~~~~~~~~
<command-line>: note: this is the location of the previous definition
Compiling .pio\build\espc5-12-matter\lib9ca\WebSockets\WebSocketsServer.cpp.o
Compiling .pio\build\espc5-12-matter\lib9ca\WebSockets\libb64\cdecode.c.o
Compiling .pio\build\espc5-12-matter\lib9ca\WebSockets\libb64\cencode.c.o
Compiling .pio\build\espc5-12-matter\lib9ca\WebSockets\libsha1\libsha1.c.o
Compiling .pio\build\espc5-12-matter\libfbe\OpenThings-Framework-Firmware-Library\Esp32LocalServer.cpp.o
Compiling .pio\build\espc5-12-matter\libfbe\OpenThings-Framework-Firmware-Library\Esp8266LocalServer.cpp.o
Compiling .pio\build\espc5-12-matter\libfbe\OpenThings-Framework-Firmware-Library\LinuxLocalServer.cpp.o
.pio/libdeps/espc5-12-matter/WebSockets/src/WebSocketsClient.cpp: In member function 'void WebSocketsClient::clientDisconnect(WSclient_t*, 
const char*)':
.pio/libdeps/espc5-12-matter/WebSockets/src/WebSocketsClient.cpp:573:31: warning: 'virtual void NetworkClient::flush()' is deprecated: Use 
clear() instead. [-Wdeprecated-declarations]
  573 |             client->tcp->flush();
      |             ~~~~~~~~~~~~~~~~~~^~
In file included from C:/Users/schlo/.platformio/packages/framework-arduinoespressif32/libraries/Network/src/Network.h:12,
                 from C:/Users/schlo/.platformio/packages/framework-arduinoespressif32/libraries/WiFi/src/WiFiGeneric.h:44,
                 from C:/Users/schlo/.platformio/packages/framework-arduinoespressif32/libraries/WiFi/src/WiFiSTA.h:30,
                 from C:/Users/schlo/.platformio/packages/framework-arduinoespressif32/libraries/WiFi/src/WiFi.h:34,
                 from .pio/libdeps/espc5-12-matter/WebSockets/src/WebSockets.h:236,
                 from .pio/libdeps/espc5-12-matter/WebSockets/src/WebSocketsClient.cpp:25:
C:/Users/schlo/.platformio/packages/framework-arduinoespressif32/libraries/Network/src/NetworkClient.h:61:8: note: declared here
   61 |   void flush();  // Print::flush tx
      |        ^~~~~
Compiling .pio\build\espc5-12-matter\libfbe\OpenThings-Framework-Firmware-Library\OpenThingsFramework.cpp.o
Compiling .pio\build\espc5-12-matter\libfbe\OpenThings-Framework-Firmware-Library\Request.cpp.o
Compiling .pio\build\espc5-12-matter\libfbe\OpenThings-Framework-Firmware-Library\Response.cpp.o
Compiling .pio\build\espc5-12-matter\libfbe\OpenThings-Framework-Firmware-Library\StringBuilder.cpp.o
Compiling .pio\build\espc5-12-matter\libfbe\OpenThings-Framework-Firmware-Library\Websocket.cpp.o
Compiling .pio\build\espc5-12-matter\libfbe\OpenThings-Framework-Firmware-Library\etherport.cpp.o
Compiling .pio\build\espc5-12-matter\libb52\ADS1X15\ADS1X15.cpp.o
Compiling .pio\build\espc5-12-matter\lib0ee\HTTPClient\HTTPClient.cpp.o
Compiling .pio\build\espc5-12-matter\libdd8\ESP8266 Influxdb\BucketsClient.cpp.o
Compiling .pio\build\espc5-12-matter\libdd8\ESP8266 Influxdb\HTTPService.cpp.o
Compiling .pio\build\espc5-12-matter\libdd8\ESP8266 Influxdb\InfluxData.cpp.o
Compiling .pio\build\espc5-12-matter\libdd8\ESP8266 Influxdb\InfluxDb.cpp.o
Compiling .pio\build\espc5-12-matter\libdd8\ESP8266 Influxdb\InfluxDbClient.cpp.o
Compiling .pio\build\espc5-12-matter\libdd8\ESP8266 Influxdb\Options.cpp.o
Compiling .pio\build\espc5-12-matter\libdd8\ESP8266 Influxdb\Point.cpp.o
