Processing espc5-12 (platform: https://github.com/pioarduino/platform-espressif32/releases/download/stable/platform-espressif32.zip; framework: arduino; board: esp32-c5-devkitc-1)
--------------------------------------------------------------------------------
Library Manager: Installing opensprinklershop/arduinoWebSockets
Library Manager: Installing meshtastic/esp32_https_server
Verbose mode can be enabled via `-v, --verbose` option
CONFIGURATION: https://docs.platformio.org/page/boards/espressif32/esp32-c5-devkitc-1.html
PLATFORM: Espressif 32 (55.3.34) > Espressif ESP32-C5-DevKitC-1 4MB no PSRAM
HARDWARE: ESP32C5 240MHz, 320KB RAM, 4MB Flash
DEBUG: Current (cmsis-dap) External (cmsis-dap, esp-bridge, esp-builtin, esp-prog, iot-bus-jtag, jlink, minimodule, olimex-arm-usb-ocd, olimex-arm-usb-ocd-h, olimex-arm-usb-tiny-h, olimex-jtag-tiny, tumpa)
PACKAGES: 
 - contrib-piohome @ 3.4.4 
 - framework-arduinoespressif32 @ 3.3.4 
 - framework-arduinoespressif32-libs @ 5.5.0+sha.8410210c9a 
 - framework-esp-idf @ 1.1.0+sha.482a8fb 
 - tool-esp-rom-elfs @ 2024.10.11 
 - tool-esptoolpy @ 5.1.0 
 - tool-mklittlefs @ 3.2.0 
 - toolchain-riscv32-esp @ 14.2.0+20250730
Converting mainArduino.ino
*** Applied include path shortening for 307 framework paths ***
*** Path length reduced from 36383 to ~12837 characters ***
*** Estimated savings: 23025 characters ***
LDF: Library Dependency Finder -> https://bit.ly/configure-pio-ldf
LDF Modes: Finder ~ chain, Compatibility ~ soft
Found 49 compatible libraries
Scanning dependencies...
